log stdout informational
log timestamp precision 3
hostname dummyhostname
ip nht resolve-via-default
ipv6 nht resolve-via-default


bfd
  profile bar
    receive-interval 60
    transmit-interval 70
    detect-multiplier 5
    echo receive-interval 90
    echo transmit-interval 90
    minimum-ttl 60
    
  profile foo
    receive-interval 60
    transmit-interval 70
    detect-multiplier 5
    echo receive-interval 90
    echo transmit-interval 90
    minimum-ttl 60
    
