log file /etc/frr/frr.log informational
log timestamp precision 3
hostname dummyhostname
ip nht resolve-via-default
ipv6 nht resolve-via-default
route-map 10.2.2.254-in deny 20


ip prefix-list 10.2.2.254-allowed-ipv4 seq 1 deny any


ipv6 prefix-list 10.2.2.254-allowed-ipv6 seq 1 deny any

route-map 10.2.2.254-out permit 1
  match ip address prefix-list 10.2.2.254-allowed-ipv4

route-map 10.2.2.254-out permit 2
  match ipv6 address prefix-list 10.2.2.254-allowed-ipv6

router bgp 100
  no bgp ebgp-requires-policy
  no bgp network import-check
  no bgp default ipv4-unicast
  bgp graceful-restart preserve-fw-state

  bgp router-id 10.1.1.254
  neighbor 10.2.2.254 remote-as 200
  neighbor 10.2.2.254 ebgp-multihop
  neighbor 10.2.2.254 port 179
  neighbor 10.2.2.254 timers 2 1
  neighbor 10.2.2.254 password password
  neighbor 10.2.2.254 update-source 10.1.1.254
  neighbor 10.2.2.254 bfd
  neighbor 10.2.2.254 bfd profile foo

  address-family ipv4 unicast
    neighbor 10.2.2.254 activate
    neighbor 10.2.2.254 route-map 10.2.2.254-in in
    neighbor 10.2.2.254 route-map 10.2.2.254-out out
  exit-address-family

bfd
  profile bar
    receive-interval 60
    transmit-interval 70
    detect-multiplier 5
    echo receive-interval 90
    echo transmit-interval 90
    minimum-ttl 60
    
  profile foo
    receive-interval 60
    transmit-interval 70
    detect-multiplier 5
    echo receive-interval 90
    echo transmit-interval 90
    minimum-ttl 60
    
