
log file /etc/frr/frr.log informational
log timestamp precision 3
hostname dummyhostname
ip nht resolve-via-default
ipv6 nht resolve-via-default

