
log file /etc/frr/frr.log debugging
log timestamp precision 3
debug zebra events
debug zebra nht
debug zebra kernel
debug zebra rib
debug zebra nexthop
debug bgp neighbor-events
debug bgp updates
debug bgp keepalives
debug bgp nht
debug bgp zebra
debug bfd network
debug bfd peer
debug bfd zebra
hostname dummyhostname
ip nht resolve-via-default
ipv6 nht resolve-via-default

