log file /etc/frr/frr.log 
log timestamp precision 3
hostname dummyhostname
ip nht resolve-via-default
ipv6 nht resolve-via-default
route-map 10.2.2.254-in deny 20




ip prefix-list 10.2.2.254-pl-ipv4 seq 1 deny any
ipv6 prefix-list 10.2.2.254-pl-ipv4 seq 2 deny any

route-map 10.2.2.254-out permit 1
  match ip address prefix-list 10.2.2.254-pl-ipv4
route-map 10.2.2.254-out permit 2
  match ipv6 address prefix-list 10.2.2.254-pl-ipv4

router bgp 102
  no bgp ebgp-requires-policy
  no bgp network import-check
  no bgp default ipv4-unicast
  bgp graceful-restart preserve-fw-state

  neighbor 10.2.2.254 remote-as 100
  neighbor 10.2.2.254 port 179
  
  

  address-family ipv4 unicast
    neighbor 10.2.2.254 activate
    neighbor 10.2.2.254 route-map 10.2.2.254-in in
    neighbor 10.2.2.254 route-map 10.2.2.254-out out
  exit-address-family
  address-family ipv6 unicast
    neighbor 10.2.2.254 activate
    neighbor 10.2.2.254 route-map 10.2.2.254-in in
    neighbor 10.2.2.254 route-map 10.2.2.254-out out
  exit-address-family

