
log file /etc/frr/frr.log informational
log timestamp precision 3
hostname dummyhostname
ip nht resolve-via-default
ipv6 nht resolve-via-default
ip prefix-list 1111:2222-v4prefixes permit 172.16.1.10/24
ip prefix-list 3333:4444-v4prefixes permit 172.16.1.10/24
ip prefix-list 300-v4localpref-prefixes permit 172.16.1.10/24
route-map 10.2.2.254-in deny 20

route-map 10.2.2.254-out permit 1
  match ip address prefix-list 300-v4localpref-prefixes
  set local-preference 300
  on-match next
route-map 10.2.2.254-out permit 2
  match ip address prefix-list 1111:2222-v4prefixes
  set community 1111:2222 additive
  on-match next
route-map 10.2.2.254-out permit 3
  match ip address prefix-list 3333:4444-v4prefixes
  set community 3333:4444 additive
  on-match next
route-map 10.2.2.254-out permit 4

router bgp 100
  no bgp ebgp-requires-policy
  no bgp network import-check
  no bgp default ipv4-unicast

  bgp router-id 10.1.1.254

  neighbor 10.2.2.254 remote-as 200
  neighbor 10.2.2.254 ebgp-multihop
  neighbor 10.2.2.254 port 179
  neighbor 10.2.2.254 timers 1 1
  neighbor 10.2.2.254 password password
  neighbor 10.2.2.254 update-source 10.1.1.254

  address-family ipv4 unicast
    neighbor 10.2.2.254 activate
    neighbor 10.2.2.254 route-map 10.2.2.254-in in
    network 172.16.1.10/24
    neighbor 10.2.2.254 route-map 10.2.2.254-out out
  exit-address-family
