
log file /etc/frr/frr.log informational
log timestamp precision 3
hostname

router bgp 100
  no bgp default ipv4-unicast
  bgp router-id 10.1.1.254

  neighbor 10.2.2.254 remote-as 200
  neighbor 10.2.2.254 timers 1 1
  neighbor 10.2.2.254 password password
  neighbor 10.2.2.254 update-source 10.1.1.254


