# This was autogenerated by MetalLB's custom resource generator.
apiVersion: metallb.io/v1beta1
kind: IPAddressPool
metadata:
  creationTimestamp: null
  name: my-ip-space
  namespace: metallb-system
spec:
  addresses:
  - 198.51.100.1-198.51.100.254
  - fc00:f853:ccd:e799::1-fc00:f853:ccd:e799::e
status: {}
---
apiVersion: metallb.io/v1beta1
kind: BGPAdvertisement
metadata:
  creationTimestamp: null
  name: bgpadvertisement1
  namespace: metallb-system
spec:
  ipAddressPools:
  - my-ip-space
status: {}
---
