# This was autogenerated by MetalLB's custom resource generator.
apiVersion: metallb.io/v1beta2
kind: BGPPeer
metadata:
  creationTimestamp: null
  name: peer1
  namespace: metallb-system
spec:
  holdTime: 1m30s
  keepaliveTime: 30s
  myASN: 64512
  passwordSecret: {}
  peerASN: 64512
  peerAddress: 10.96.0.100
status: {}
---
apiVersion: metallb.io/v1beta2
kind: BGPPeer
metadata:
  creationTimestamp: null
  name: peer2
  namespace: metallb-system
spec:
  holdTime: 1m30s
  keepaliveTime: 30s
  myASN: 64512
  passwordSecret: {}
  peerASN: 64512
  peerAddress: 10.96.0.101
status: {}
---
apiVersion: metallb.io/v1beta1
kind: IPAddressPool
metadata:
  creationTimestamp: null
  name: my-ip-space
  namespace: metallb-system
spec:
  addresses:
  - 198.51.100.0/24
status: {}
---
apiVersion: metallb.io/v1beta1
kind: BGPAdvertisement
metadata:
  creationTimestamp: null
  name: bgpadvertisement1
  namespace: metallb-system
spec:
  ipAddressPools:
  - my-ip-space
status: {}
---
