# This was autogenerated by MetalLB's custom resource generator.
apiVersion: metallb.io/v1beta1
kind: IPAddressPool
metadata:
  creationTimestamp: null
  name: my-ip-space
  namespace: metallb-system
spec:
  addresses:
  - 192.168.1.240/28
status: {}
---
apiVersion: metallb.io/v1beta1
kind: L2Advertisement
metadata:
  creationTimestamp: null
  name: l2advertisement1
  namespace: metallb-system
spec:
  ipAddressPools:
  - my-ip-space
status: {}
---
