{
    "metadata": {
        "name": "metallb-testnodename",
        "namespace": "testnamespace",
        "creationTimestamp": null
    },
    "spec": {
        "bgp": {
            "routers": [
                {
                    "asn": 100,
                    "id": "10.1.1.254",
                    "vrf": "red",
                    "neighbors": [
                        {
                            "asn": 200,
                            "address": "10.2.2.254",
                            "port": 179,
                            "password": "password",
                            "passwordSecret": {},
                            "holdTime": "1s",
                            "keepaliveTime": "1s",
                            "toAdvertise": {
                                "allowed": {
                                    "prefixes": [
                                        "172.16.1.10/24"
                                    ]
                                },
                                "withLocalPref": [
                                    {
                                        "prefixes": [
                                            "172.16.1.10/24"
                                        ],
                                        "localPref": 300
                                    }
                                ],
                                "withCommunity": [
                                    {
                                        "prefixes": [
                                            "172.16.1.10/24"
                                        ],
                                        "community": "1111:2222"
                                    },
                                    {
                                        "prefixes": [
                                            "172.16.1.10/24"
                                        ],
                                        "community": "3333:4444"
                                    }
                                ]
                            },
                            "toReceive": {
                                "allowed": {}
                            }
                        }
                    ],
                    "prefixes": [
                        "172.16.1.10/24"
                    ]
                }
            ]
        },
        "raw": {},
        "nodeSelector": {
            "matchLabels": {
                "kubernetes.io/hostname": "testnodename"
            }
        }
    },
    "status": {}
}