# This was autogenerated by MetalLB's custom resource generator.
apiVersion: metallb.io/v1beta1
kind: IPAddressPool
metadata:
  creationTimestamp: null
  name: numbered-addresspool
  namespace: metallb-system
spec:
  addresses:
  - 198.51.100.0/24
  - fc00:f853:0ccd:e799::/124
  autoAssign: true
  avoidBuggyIPs: true
status:
  assignedIPv4: 0
  assignedIPv6: 0
  availableIPv4: 0
  availableIPv6: 0
---
apiVersion: metallb.io/v1beta1
kind: IPAddressPool
metadata:
  creationTimestamp: null
  name: capitalized-addresspool
  namespace: metallb-system
spec:
  addresses:
  - 192.168.1.240/28
status:
  assignedIPv4: 0
  assignedIPv6: 0
  availableIPv4: 0
  availableIPv6: 0
---
apiVersion: metallb.io/v1beta1
kind: BGPAdvertisement
metadata:
  creationTimestamp: null
  name: bgpadvertisement1
  namespace: metallb-system
spec:
  ipAddressPools:
  - numbered-addresspool
status: {}
---
apiVersion: metallb.io/v1beta1
kind: L2Advertisement
metadata:
  creationTimestamp: null
  name: l2advertisement1
  namespace: metallb-system
spec:
  ipAddressPools:
  - capitalized-addresspool
status: {}
---
apiVersion: metallb.io/v1beta1
kind: BFDProfile
metadata:
  creationTimestamp: null
  name: underscored-bfd-profile
  namespace: metallb-system
spec:
  detectMultiplier: 200
  echoInterval: 62
  echoMode: false
  minimumTtl: 254
  passiveMode: false
  receiveInterval: 280
  transmitInterval: 270
status: {}
---
apiVersion: metallb.io/v1beta1
kind: BFDProfile
metadata:
  creationTimestamp: null
  name: toolongbfdprofilename01-toolongbfdprofilename02-toolongbfdprofi
  namespace: metallb-system
spec:
  detectMultiplier: 150
  echoInterval: 80
  echoMode: true
  minimumTtl: 150
  passiveMode: true
  receiveInterval: 150
  transmitInterval: 150
status: {}
---
