# This was autogenerated by MetalLB's custom resource generator.
apiVersion: metallb.io/v1beta2
kind: BGPPeer
metadata:
  creationTimestamp: null
  name: peer1
  namespace: metallb-system
spec:
  bfdProfile: bfdprofile1
  holdTime: 2m0s
  keepaliveTime: 30s
  myASN: 64512
  nodeSelectors:
  - matchExpressions:
    - key: kubernetes.io/arch
      operator: In
      values:
      - amd64
      - arm
    matchLabels:
      kubernetes.io/hostname: prod-01
  password: yourPassword
  passwordSecret: {}
  peerASN: 64512
  peerAddress: 10.0.0.1
  peerPort: 179
  routerID: 1.2.3.4
  sourceAddress: 10.0.0.2
status: {}
---
apiVersion: metallb.io/v1beta1
kind: IPAddressPool
metadata:
  creationTimestamp: null
  name: my-ip-space
  namespace: metallb-system
spec:
  addresses:
  - 192.168.10.0/24
  - 192.168.0.150-192.168.0.200
  autoAssign: true
  avoidBuggyIPs: true
status: {}
---
apiVersion: metallb.io/v1beta1
kind: IPAddressPool
metadata:
  creationTimestamp: null
  name: my-l2-space
  namespace: metallb-system
spec:
  addresses:
  - 192.168.11.0/24
  - 192.168.1.150-192.168.1.200
  avoidBuggyIPs: true
status: {}
---
apiVersion: metallb.io/v1beta1
kind: BGPAdvertisement
metadata:
  creationTimestamp: null
  name: bgpadvertisement1
  namespace: metallb-system
spec:
  aggregationLength: 32
  aggregationLengthV6: 64
  communities:
  - "64512:1"
  - no-export
  ipAddressPools:
  - my-ip-space
  localPref: 100
status: {}
---
apiVersion: metallb.io/v1beta1
kind: BFDProfile
metadata:
  creationTimestamp: null
  name: bfdprofile1
  namespace: metallb-system
spec:
  detectMultiplier: 200
  echoInterval: 62
  echoMode: false
  minimumTtl: 254
  passiveMode: false
  receiveInterval: 280
  transmitInterval: 270
status: {}
---
apiVersion: metallb.io/v1beta1
kind: Community
metadata:
  creationTimestamp: null
  name: communities
  namespace: metallb-system
spec:
  communities:
  - name: no-export
    value: 65535:65281
status: {}
---
