# This was autogenerated by MetalLB's custom resource generator.
apiVersion: metallb.io/v1beta2
kind: BGPPeer
metadata:
  creationTimestamp: null
  name: peer1
  namespace: metallb-system
spec:
  holdTime: 1m30s
  keepaliveTime: 0s
  myASN: 64512
  passwordSecret: {}
  peerASN: 64512
  peerAddress: 10.96.0.100
status: {}
---
apiVersion: metallb.io/v1beta2
kind: BGPPeer
metadata:
  creationTimestamp: null
  name: peer2
  namespace: metallb-system
spec:
  holdTime: 1m30s
  keepaliveTime: 0s
  myASN: 64512
  passwordSecret: {}
  peerASN: 64512
  peerAddress: 10.96.0.101
status: {}
---
apiVersion: metallb.io/v1beta2
kind: BGPPeer
metadata:
  creationTimestamp: null
  name: peer3
  namespace: metallb-system
spec:
  bfdProfile: bfdprofile1
  holdTime: 2m0s
  keepaliveTime: 30s
  myASN: 64512
  nodeSelectors:
  - matchExpressions:
    - key: kubernetes.io/arch
      operator: In
      values:
      - amd64
      - arm
    matchLabels:
      kubernetes.io/hostname: prod-01
  password: yourPassword
  passwordSecret: {}
  peerASN: 64512
  peerAddress: 10.0.0.1
  peerPort: 179
  routerID: 1.2.3.4
  sourceAddress: 10.0.0.2
status: {}
---
apiVersion: metallb.io/v1beta1
kind: BFDProfile
metadata:
  creationTimestamp: null
  name: bfdprofile1
  namespace: metallb-system
spec:
  echoMode: false
  passiveMode: false
  receiveInterval: 280
  transmitInterval: 270
status: {}
---
