# This was autogenerated by MetalLB's custom resource generator.
apiVersion: metallb.io/v1beta1
kind: Community
metadata:
  creationTimestamp: null
  name: communities
  namespace: metallb-system
spec:
  communities:
  - name: my-community
    value: 1234:5678
  - name: no-export
    value: 65535:65281
status: {}
---
