# This was autogenerated by MetalLB's custom resource generator.
apiVersion: metallb.io/v1beta1
kind: IPAddressPool
metadata:
  creationTimestamp: null
  name: my-ip-space-bgp
  namespace: metallb-system
spec:
  addresses:
  - 198.51.100.0/24
  - fc00:f853:0ccd:e799::/124
  autoAssign: true
  avoidBuggyIPs: true
status: {}
---
apiVersion: metallb.io/v1beta1
kind: IPAddressPool
metadata:
  creationTimestamp: null
  name: my-ip-space-l2
  namespace: metallb-system
spec:
  addresses:
  - 192.168.1.240/28
status: {}
---
apiVersion: metallb.io/v1beta1
kind: BGPAdvertisement
metadata:
  creationTimestamp: null
  name: bgpadvertisement1
  namespace: metallb-system
spec:
  ipAddressPools:
  - my-ip-space-bgp
status: {}
---
apiVersion: metallb.io/v1beta1
kind: L2Advertisement
metadata:
  creationTimestamp: null
  name: l2advertisement1
  namespace: metallb-system
spec:
  ipAddressPools:
  - my-ip-space-l2
status: {}
---
