# This was autogenerated by MetalLB's custom resource generator.
apiVersion: metallb.io/v1beta1
kind: BFDProfile
metadata:
  creationTimestamp: null
  name: bfdprofile1
  namespace: metallb-system
spec:
  detectMultiplier: 200
  echoInterval: 62
  echoMode: true
  minimumTtl: 254
  passiveMode: true
  receiveInterval: 280
  transmitInterval: 270
status: {}
---
apiVersion: metallb.io/v1beta1
kind: BFDProfile
metadata:
  creationTimestamp: null
  name: bfdprofile2
  namespace: metallb-system
spec:
  detectMultiplier: 150
  echoInterval: 80
  echoMode: true
  minimumTtl: 150
  passiveMode: true
  receiveInterval: 150
  transmitInterval: 150
status: {}
---
